┌─────────┐
│ Success │
│ boolean │
├─────────┤
│ 0 rows  │
└─────────┘
┌─────────────┬─────────────┬──────────┐
│ column_name │ compression │ segments │
│   varchar   │   varchar   │  int64   │
├─────────────┼─────────────┼──────────┤
│ x           │ ALP         │     2249 │
└─────────────┴─────────────┴──────────┘
x: 0.525 GB = 2.10 B/pt
┌─────────┐
│ Success │
│ boolean │
├─────────┤
│ 0 rows  │
└─────────┘
┌─────────────┬─────────────┬──────────┐
│ column_name │ compression │ segments │
│   varchar   │   varchar   │  int64   │
├─────────────┼─────────────┼──────────┤
│ y           │ ALP         │     2249 │
└─────────────┴─────────────┴──────────┘
y: 0.525 GB = 2.10 B/pt
┌─────────┐
│ Success │
│ boolean │
├─────────┤
│ 0 rows  │
└─────────┘
┌─────────────┬─────────────┬──────────┐
│ column_name │ compression │ segments │
│   varchar   │   varchar   │  int64   │
├─────────────┼─────────────┼──────────┤
│ z           │ ALP         │     2249 │
└─────────────┴─────────────┴──────────┘
z: 0.525 GB = 2.10 B/pt
┌─────────┐
│ Success │
│ boolean │
├─────────┤
│ 0 rows  │
└─────────┘
┌─────────────┬─────────────┬──────────┐
│ column_name │ compression │ segments │
│   varchar   │   varchar   │  int64   │
├─────────────┼─────────────┼──────────┤
│ GpsTime     │ ALP         │      245 │
│ GpsTime     │ RLE         │     5658 │
│ GpsTime     │ ALPRD       │      173 │
└─────────────┴─────────────┴──────────┘
GpsTime: 1.245 GB = 4.98 B/pt
